GSIZEX: 12000, GSIZEY: 48000 
Starting iteration: 1
Starting iteration: 2
Starting iteration: 3
Starting iteration: 4
Starting iteration: 5
Starting iteration: 6
Starting iteration: 7
Starting iteration: 8
Starting iteration: 9
Starting iteration: 10
Mass check: PASSED.
