energy_totals[0]: 1002700800.000000
energy_totals[1]: 4010803200.000000
energy_totals[2]: 1002700800.000000
energy_totals[3]: 4010803200.000000
energy_totals[4]: 1002700800.000000
energy_totals[5]: 4010803200.000000
energy_totals[6]: 1002700800.000000
energy_totals[7]: 4010803200.000000
